// Jest Snapshot v1, https://goo.gl/fbAQLP

exports[`Document should render correctly 1`] = `
<html
  lang="en_GB"
>
  <head>
    <title />
    <meta />
    <link
      key="l-1"
    />
    <link
      key="l-2"
    />
    <style
      data-test-styles-one={true}
      key="s-1"
    />
    <style
      data-test-styles-two={true}
      key="s-2"
    />
  </head>
  <body
    dir="ltr"
  >
    <Root
      html={
        <h1>
          This is some html
        </h1>
      }
    />
    <ServerData
      data={
        Object {
          "data": "This is some data!",
        }
      }
      id="__UNI_DATA__"
    />
    <Scripts
      scripts={
        Array [
          "https://example.com/one.js",
          "https://example.com/two.js",
        ]
      }
    />
  </body>
</html>
`;
